# Ratchet baseline: <key>\t<count>. Counts may only go down.
# Regenerate with HARUKI_UPDATE_GOLDEN=1 go test ./internal/i18n/ after fixing findings.
api/bot/auth/internal.go	han_literal	2
api/bot/auth/session.go	han_literal	2
api/bot/auth/statistics.go	han_literal	2
api/bot/auth/struct.go	han_literal	14
api/bot/pjsk/birthday_monitor.go	han_literal	9
api/bot/pjsk/handler.go	han_literal	16
api/bot_session_middleware.go	han_literal	13
api/groupguard/route.go	han_literal	2
api/trust/keyset.go	han_literal	1
internal/pjsk/accountdata/profile_binding.go	han_literal	24
internal/pjsk/alias/command.go	han_literal	12
internal/pjsk/alias/service_helpers.go	han_literal	15
internal/pjsk/alias/service_resolver.go	han_literal	3
internal/pjsk/displaytime/timezone.go	han_literal	13
internal/pjsk/handler/alias.go	han_literal	31
internal/pjsk/handler/arrest.go	han_literal	4
internal/pjsk/handler/card.go	han_literal	14
internal/pjsk/handler/command_help.go	han_literal	4
internal/pjsk/handler/deck.go	han_literal	4
internal/pjsk/handler/deck_builder.go	han_literal	1
internal/pjsk/handler/deck_config.go	han_literal	1
internal/pjsk/handler/deck_extract_targets.go	han_literal	6
internal/pjsk/handler/deck_extractor.go	han_literal	10
internal/pjsk/handler/deck_helpers.go	han_literal	1
internal/pjsk/handler/deck_runtime_helpers.go	han_literal	9
internal/pjsk/handler/deck_types.go	han_literal	103
internal/pjsk/handler/education.go	han_literal	13
internal/pjsk/handler/event_planner.go	han_literal	65
internal/pjsk/handler/event_record_builder.go	han_literal	1
internal/pjsk/handler/gacha.go	han_literal	7
internal/pjsk/handler/profile.go	han_literal	6
internal/pjsk/handler/rating.go	han_literal	1
internal/pjsk/handler/score_board_params.go	han_literal	39
internal/pjsk/handler/score_board_params_extract.go	han_literal	8
internal/pjsk/handler/vlive.go	han_literal	3
internal/pjsk/render/card/builder.go	han_literal	1
internal/pjsk/render/card/builder_distribution.go	han_literal	6
internal/pjsk/render/card/controller.go	han_literal	1
internal/pjsk/render/card/query_summary.go	han_literal	44
internal/pjsk/render/card/supply.go	han_literal	7
internal/pjsk/render/deck/controller_metadata.go	han_literal	4
internal/pjsk/render/deck/controller_request.go	han_literal	2
internal/pjsk/render/deck/helpers.go	han_literal	1
internal/pjsk/render/education/character_missions.go	han_literal	108
internal/pjsk/render/education/snapshot_character_missions.go	han_literal	26
internal/pjsk/render/education/snapshot_helpers.go	han_literal	1
internal/pjsk/render/event/builder_metadata.go	han_literal	1
internal/pjsk/render/gacha/builder.go	han_literal	3
internal/pjsk/render/sk/controller_line_requests.go	han_literal	7
internal/pjsk/render/sk/controller_stale_record.go	han_literal	11
internal/pjsk/render/sk/controller_validate.go	han_literal	3
internal/pjsk/render/vlive/controller.go	han_literal	11
internal/pjsk/render/vlive/solo.go	han_literal	4
internal/pjsk/requestbuilder/birthday_helpers.go	han_literal	1
internal/pjsk/requestbuilder/misc_birthday.go	han_literal	42
internal/pjsk/subscription/mysekai_birthday.go	han_literal	22
