# Ratchet baseline: <key>\t<count>. Counts may only go down.
# Regenerate with HARUKI_UPDATE_GOLDEN=1 go test ./internal/i18n/ after fixing findings.
api/bot/pjsk/birthday_monitor.go	han_literal	9
api/bot/pjsk/handler.go	han_literal	16
api/trust/keyset.go	han_literal	1
internal/pjsk/displaytime/timezone.go	han_literal	13
internal/pjsk/handler/card.go	han_literal	14
internal/pjsk/handler/command_help.go	han_literal	4
internal/pjsk/handler/deck_builder.go	han_literal	1
internal/pjsk/handler/deck_config.go	han_literal	1
internal/pjsk/handler/deck_extract_targets.go	han_literal	6
internal/pjsk/handler/deck_extractor.go	han_literal	10
internal/pjsk/handler/deck_helpers.go	han_literal	1
internal/pjsk/handler/deck_types.go	han_literal	103
internal/pjsk/handler/education.go	han_literal	13
internal/pjsk/handler/event_planner.go	han_literal	40
internal/pjsk/handler/gacha.go	han_literal	7
internal/pjsk/handler/profile.go	han_literal	6
internal/pjsk/handler/rating.go	han_literal	1
internal/pjsk/handler/score_board_params.go	han_literal	39
internal/pjsk/handler/score_board_params_extract.go	han_literal	8
internal/pjsk/render/deck/helpers.go	han_literal	1
internal/pjsk/render/education/character_missions.go	han_literal	84
internal/pjsk/render/education/snapshot_character_missions.go	han_literal	24
internal/pjsk/render/gacha/builder.go	han_literal	3
internal/pjsk/render/sk/controller_stale_record.go	han_literal	10
internal/pjsk/render/sk/controller_validate.go	han_literal	1
internal/pjsk/render/vlive/solo.go	han_literal	4
internal/pjsk/requestbuilder/birthday_helpers.go	han_literal	1
internal/pjsk/requestbuilder/misc_birthday.go	han_literal	42
